test_myo_baoding_p1 (tests.test_angle2a_env_state_determinism_smoke.TestMyosuiteDeterminism.test_myo_baoding_p1) ... /Users/shouryakaveti/VS_Projects/sparse-ppo-drl-research/.venv/lib/python3.12/site-packages/gymnasium/spaces/box.py:234: UserWarning: [33mWARN: Box low's precision lowered by casting to float32, current low.dtype=float64[0m
  gym.logger.warn(
/Users/shouryakaveti/VS_Projects/sparse-ppo-drl-research/.venv/lib/python3.12/site-packages/gymnasium/spaces/box.py:304: UserWarning: [33mWARN: Box high's precision lowered by casting to float32, current high.dtype=float64[0m
  gym.logger.warn(
FAIL

======================================================================
FAIL: test_myo_baoding_p1 (tests.test_angle2a_env_state_determinism_smoke.TestMyosuiteDeterminism.test_myo_baoding_p1)
----------------------------------------------------------------------
Traceback (most recent call last):
  File "/private/tmp/exp12-history/6ffccba/main/tests/test_angle2a_env_state_determinism_smoke.py", line 94, in test
    _assert_determinism(self, env_type, env_name)
  File "/private/tmp/exp12-history/6ffccba/main/tests/test_angle2a_env_state_determinism_smoke.py", line 73, in _assert_determinism
    np.testing.assert_array_equal(
  File "/Users/shouryakaveti/VS_Projects/sparse-ppo-drl-research/.venv/lib/python3.12/site-packages/numpy/testing/_private/utils.py", line 920, in assert_array_equal
    assert_array_compare(operator.__eq__, x, y, err_msg=err_msg,
  File "/opt/homebrew/Cellar/python@3.12/3.12.13_4/Frameworks/Python.framework/Versions/3.12/lib/python3.12/contextlib.py", line 81, in inner
    return func(*args, **kwds)
           ^^^^^^^^^^^^^^^^^^^
  File "/Users/shouryakaveti/VS_Projects/sparse-ppo-drl-research/.venv/lib/python3.12/site-packages/numpy/testing/_private/utils.py", line 797, in assert_array_compare
    raise AssertionError(msg)
AssertionError: 
Arrays are not equal
myosuite:myo-baoding-p1 step 0: observation mismatch
Mismatched elements: 12 / 86 (14%)
Max absolute difference: 0.0029
Max relative difference: 1.0158
 x: array([-1.071633e+00,  4.834972e-01,  4.531771e-01, -3.160815e-01,
       -1.152430e-02,  2.588596e-01, -4.306407e-01,  3.612968e-01,
        3.008600e-01, -6.761799e-03, -1.467037e-03,  4.992861e-01,...
 y: array([-1.071633e+00,  4.834972e-01,  4.531771e-01, -3.160815e-01,
       -1.152430e-02,  2.588596e-01, -4.306407e-01,  3.612968e-01,
        3.008600e-01, -6.761799e-03, -1.467037e-03,  4.992861e-01,...

----------------------------------------------------------------------
Ran 1 test in 0.133s

FAILED (failures=1)
MyoSuite:> Registering Myo Envs
    MyoSuite: A contact-rich simulation suite for musculoskeletal motor control
        Vittorio Caggiano, Huawei Wang, Guillaume Durandau, Massimo Sartori, Vikash Kumar
        L4DC-2019 | https://sites.google.com/view/myosuite
    
