MyoSuite:> Registering Myo Envs
    MyoSuite: A contact-rich simulation suite for musculoskeletal motor control
        Vittorio Caggiano, Huawei Wang, Guillaume Durandau, Massimo Sartori, Vikash Kumar
        L4DC-2019 | https://sites.google.com/view/myosuite
    
/Users/shouryakaveti/VS_Projects/sparse-ppo-drl-research/.venv/lib/python3.12/site-packages/gymnasium/spaces/box.py:234: UserWarning: [33mWARN: Box low's precision lowered by casting to float32, current low.dtype=float64[0m
  gym.logger.warn(
/Users/shouryakaveti/VS_Projects/sparse-ppo-drl-research/.venv/lib/python3.12/site-packages/gymnasium/spaces/box.py:304: UserWarning: [33mWARN: Box high's precision lowered by casting to float32, current high.dtype=float64[0m
  gym.logger.warn(
{
  "source_module": "/tmp/exp12-history/b554d45/main/experiments/angle_2a/env_state.py",
  "capture_keys": [
    "time",
    "qpos",
    "qvel",
    "act",
    "ctrl",
    "qacc_warmstart",
    "mocap_pos",
    "mocap_quat",
    "steps",
    "env_type",
    "elapsed_steps"
  ],
  "captured_counter_not_in_state": 5,
  "first_counters": {
    "before_restore": 5,
    "after_restore": 5,
    "after_rollout": 10
  },
  "second_counters": {
    "before_restore": 10,
    "after_restore": 10,
    "after_rollout": 15
  },
  "diagnostic_counter_reset_counters": [
    {
      "before_restore": 15,
      "after_restore": 5,
      "after_rollout": 10
    },
    {
      "before_restore": 10,
      "after_restore": 5,
      "after_rollout": 10
    }
  ],
  "diagnostic_counter_reset_exact": true,
  "diagnostic_reset_matches_original_first": true,
  "step_summaries": [
    {
      "step": 0,
      "different": 12,
      "max_abs": 0.0029457527707563713,
      "max_rel_to_first": 64.3428309428265,
      "reward_first": -0.34023525454678505,
      "reward_second": -0.32492551380196555,
      "reward_abs_diff": 0.0153097407448195,
      "flags_first": [
        false,
        false
      ],
      "flags_second": [
        false,
        false
      ]
    },
    {
      "step": 1,
      "different": 12,
      "max_abs": 0.0030585541389882565,
      "max_rel_to_first": 3.2290208470777158,
      "reward_first": -0.3339130323580135,
      "reward_second": -0.3193024843325843,
      "reward_abs_diff": 0.014610548025429215,
      "flags_first": [
        false,
        false
      ],
      "flags_second": [
        false,
        false
      ]
    },
    {
      "step": 2,
      "different": 12,
      "max_abs": 0.003341197967529297,
      "max_rel_to_first": 0.6276843223919789,
      "reward_first": -0.3212329301015351,
      "reward_second": -0.30683245390011465,
      "reward_abs_diff": 0.014400476201420431,
      "flags_first": [
        false,
        false
      ],
      "flags_second": [
        false,
        false
      ]
    },
    {
      "step": 3,
      "different": 12,
      "max_abs": 0.003563523292541504,
      "max_rel_to_first": 1.4104149992650763,
      "reward_first": -0.3158220820408766,
      "reward_second": -0.29964427712378633,
      "reward_abs_diff": 0.016177804917090255,
      "flags_first": [
        false,
        false
      ],
      "flags_second": [
        false,
        false
      ]
    },
    {
      "step": 4,
      "different": 12,
      "max_abs": 0.0037108297692611814,
      "max_rel_to_first": 4.567192798152885,
      "reward_first": -0.3485619821447117,
      "reward_second": -0.32713577584805914,
      "reward_abs_diff": 0.02142620629665254,
      "flags_first": [
        false,
        false
      ],
      "flags_second": [
        false,
        false
      ]
    }
  ]
}
