{
  "q": {
    "different": 67,
    "outside_existing_criterion": 67,
    "max_abs": {
      "index": [
        354
      ],
      "expected": -1.4848878383636475,
      "observed": -1.4848871231079102,
      "abs": 7.152557373046875e-07,
      "relative": 4.81690077072018e-07,
      "existing_bound": 0.0
    },
    "max_relative": {
      "index": [
        183
      ],
      "expected": -0.0026113688945770264,
      "observed": -0.002610921859741211,
      "abs": 4.470348358154297e-07,
      "relative": 0.0001711879301096744,
      "existing_bound": 0.0
    },
    "panel_equals_separate_jit": true,
    "panel_equals_sliced_single_reference": false
  },
  "dq_da": {
    "different": 601,
    "outside_existing_criterion": 3,
    "max_abs": {
      "index": [
        134,
        2
      ],
      "expected": 2.8269433975219727,
      "observed": 2.826944351196289,
      "abs": 9.5367431640625e-07,
      "relative": 3.3735175498816737e-07,
      "existing_bound": 2.8369433493935503e-05
    },
    "max_relative": {
      "index": [
        82,
        1
      ],
      "expected": 0.0029409804847091436,
      "observed": 0.0029408172704279423,
      "abs": 1.632142812013626e-07,
      "relative": 5.549655363235235e-05,
      "existing_bound": 1.2940981264364382e-07
    },
    "panel_equals_separate_jit": true,
    "panel_equals_sliced_single_reference": false
  }
}
